average # of comparisons:
	bjornsson: 6238
	insertion: 1023
	selection: 523776
cpu times:
	bjornsson: 0.00200874
	insertion: 0.000825039
	selection: 0.0331055
