average # of comparisons:
	bjornsson: 517
	insertion: 127
	selection: 8128
cpu times:
	bjornsson: 0.000150212
	insertion: 0.000125337
	selection: 0.000464304
