average # of comparisons:
	bjornsson: 517
	insertion: 127
	selection: 8128
cpu times:
	bjornsson: 0.0332239
	insertion: 0.0185447
	selection: 0.179806
