average # of comparisons:
	bjornsson: 1210
	insertion: 255
	selection: 32640
cpu times:
	bjornsson: 0.00067488
	insertion: 0.00044626
	selection: 0.00562308
