average # of comparisons:
	bjornsson: 1210
	insertion: 255
	selection: 32640
cpu times:
	bjornsson: 0.000261501
	insertion: 0.000185777
	selection: 0.00163058
