average # of comparisons:
	bjornsson: 1
	insertion: 1
	selection: 1
cpu times:
	bjornsson: 0.000107313
	insertion: 6.4716e-05
	selection: 6.4424e-05
