average # of comparisons:
	bjornsson: 1
	insertion: 1
	selection: 1
cpu times:
	bjornsson: 0.00115856
	insertion: 0.00101276
	selection: 0.00105373
