average # of comparisons:
	bjornsson: 4
	insertion: 3
	selection: 6
cpu times:
	bjornsson: 0.00233261
	insertion: 0.0022631
	selection: 0.00228329
