average # of comparisons:
	bjornsson: 12
	insertion: 7
	selection: 28
cpu times:
	bjornsson: 0.000126074
	insertion: 0.000199257
	selection: 0.000130897
