average # of comparisons:
	bjornsson: 12
	insertion: 7
	selection: 28
cpu times:
	bjornsson: 0.00359601
	insertion: 0.00301158
	selection: 0.00389962
