average # of comparisons:
	bjornsson: 1210.000
	insertion: 255.000
	selection: 32640.000
cpu times (ns):
	bjornsson: 12533.170
	insertion: 3734.612
	selection: 236367.642
