average # of comparisons:
	bjornsson: 4
	insertion: 3
	selection: 6
cpu times:
	bjornsson: 0.0124309
	insertion: 0.0138017
	selection: 0.0140943
