average # of comparisons:
	bjornsson: 1
	insertion: 1
	selection: 1
cpu times:
	bjornsson: 0.0230111
	insertion: 0.0227276
	selection: 0.0231536
