average # of comparisons:
	bjornsson: 30912
	insertion: 130816
	selection: 130816
cpu times:
	bjornsson: 0.974496
	insertion: 4.03017
	selection: 1.25047
