average # of comparisons:
	bjornsson: 105778
	insertion: 523493
	selection: 523776
cpu times:
	bjornsson: 0.0975844
	insertion: 0.464559
	selection: 0.333814
