average # of comparisons:
	bjornsson: 83
	insertion: 120
	selection: 120
cpu times:
	bjornsson: 0.000150592
	insertion: 0.000270634
	selection: 0.000135934
