average # of comparisons:
	bjornsson: 83
	insertion: 120
	selection: 120
cpu times:
	bjornsson: 0.000829372
	insertion: 0.000925343
	selection: 0.000783482
