average # of comparisons:
	bjornsson: 1
	insertion: 1
	selection: 1
cpu times:
	bjornsson: 0.000514699
	insertion: 0.000279972
	selection: 0.000277247
