average # of comparisons:
	bjornsson: 5.99998
	insertion: 6
	selection: 6
cpu times:
	bjornsson: 0.0714876
	insertion: 0.0516529
	selection: 0.0513064
