average # of comparisons:
	bjornsson: -nan
	insertion: -nan
	selection: -nan
cpu times:
	bjornsson: 2.1e-07
	insertion: 1.22e-07
	selection: 1.13e-07
