average # of comparisons:
	bjornsson: 879
	insertion: 2016
	selection: 2016
cpu times:
	bjornsson: 0.00711452
	insertion: 0.0118587
	selection: 0.00891992
