average # of comparisons:
	bjornsson: 26
	insertion: 28
	selection: 28
cpu times:
	bjornsson: 0.000169528
	insertion: 0.000127995
	selection: 0.00011353
