average # of comparisons:
	bjornsson: 26
	insertion: 28
	selection: 28
cpu times:
	bjornsson: 0.0236605
	insertion: 0.0242311
	selection: 0.0215482
