average # of comparisons:
	bjornsson: -nan
	insertion: -nan
	selection: -nan
cpu times:
	bjornsson: 1.33e-07
	insertion: 1.13e-07
	selection: 1.11e-07
