average # of comparisons:
	bjornsson: 63.9167
	insertion: 68.6667
	selection: 120
cpu times:
	bjornsson: 0.000151429
	insertion: 0.000159734
	selection: 0.000110909
