average # of comparisons:
	bjornsson: 65.793
	insertion: 72.645
	selection: 120.000
cpu times per array (ns):
	bjornsson: 27268.223
	insertion: 27937.768
	selection: 3542.243
