average # of comparisons:
	bjornsson: 5.23077
	insertion: 4.79231
	selection: 6
cpu times:
	bjornsson: 0.000490566
	insertion: 0.000463722
	selection: 0.000404575
