average # of comparisons:
	bjornsson: -nan
	insertion: -nan
	selection: -nan
cpu times:
	bjornsson: 1.32e-07
	insertion: 1.28e-07
	selection: 1.2e-07
