average # of comparisons:
	bjornsson: 661.238
	insertion: 1066.48
	selection: 2016
cpu times:
	bjornsson: 0.0681324
	insertion: 0.0935924
	selection: 0.10818
