average # of comparisons:
	bjornsson: 20.0327
	insertion: 19.1104
	selection: 28
cpu times:
	bjornsson: 0.00130766
	insertion: 0.00117332
	selection: 0.00142125
