average # of comparisons:
	bjornsson: 20.034
	insertion: 19.283
	selection: 28.000
cpu times per array (ns):
	bjornsson: 916.364
	insertion: 924.944
	selection: 950.692
