average # of comparisons:
	bjornsson: 216
	insertion: 63
	selection: 2016
cpu times:
	bjornsson: 0.00388988
	insertion: 0.00164862
	selection: 0.0223691
